Microchip MPLAB XC8 Compiler V2.31

Linker command line:

-W-3 --edf=C:\Program Files\Microchip\xc8\v2.31\pic\dat\en_msgs.txt -cn \
  -h+dist/default/production\hid_custom1455int.X.production.sym \
  --cmf=dist/default/production\hid_custom1455int.X.production.cmf -z \
  -Q16F1455 -oD:\Temp\s1bs.2 --defsym=__MPLAB_BUILD=1 \
  -Mdist/default/production/hid_custom1455int.X.production.map -E1 \
  -ver=XC8 Compiler --acfsm=1493 -ASTACK=02108h-023EFh -pstack=STACK \
  -ACODE=00h-07FFhx4 -ASTRCODE=00h-01FFFh -ASTRING=00h-0FFhx32 \
  -ACONST=00h-0FFhx32 -AENTRY=00h-0FFhx32 -ACOMMON=070h-07Fh \
  -ABANK0=020h-06Fh -ABANK1=0A0h-0EFh -ABANK2=0120h-016Fh \
  -ABANK3=01A0h-01EFh -ABANK4=0220h-026Fh -ABANK5=02A0h-02EFh \
  -ABANK6=0320h-036Fh -ABANK7=03A0h-03EFh -ABANK8=0420h-046Fh \
  -ABANK9=04A0h-04EFh -ABANK10=0520h-056Fh -ABANK11=05A0h-05EFh \
  -ABANK12=0620h-064Fh -ABIGRAM=02000h-023EFh \
  -ARAM=020h-06Fh,0A0h-0EFh,0120h-016Fh,01A0h-01EFh,0220h-026Fh,02A0h-02EFh,0320h-036Fh,03A0h-03EFh,0420h-046Fh,04A0h-04EFh,0520h-056Fh,05A0h-05EFh,0620h-064Fh \
  -AABS1=020h-07Fh,0A0h-0EFh,0120h-016Fh,01A0h-01EFh,0220h-026Fh,02A0h-02EFh,0320h-036Fh,03A0h-03EFh,0420h-046Fh,04A0h-04EFh,0520h-056Fh,05A0h-05EFh,0620h-064Fh \
  -ASFR0=00h-01Fh -ASFR1=080h-09Fh -ASFR2=0100h-011Fh -ASFR3=0180h-019Fh \
  -ASFR4=0200h-021Fh -ASFR5=0280h-029Fh -ASFR6=0300h-031Fh \
  -ASFR7=0380h-039Fh -ASFR8=0400h-041Fh -ASFR9=0480h-049Fh \
  -ASFR10=0500h-051Fh -ASFR11=0580h-059Fh -ASFR12=0600h-061Fh \
  -ASFR13=0680h-06EFh -ASFR14=0700h-076Fh -ASFR15=0780h-07EFh \
  -ASFR16=0800h-086Fh -ASFR17=0880h-08EFh -ASFR18=0900h-096Fh \
  -ASFR19=0980h-09EFh -ASFR20=0A00h-0A6Fh -ASFR21=0A80h-0AEFh \
  -ASFR22=0B00h-0B6Fh -ASFR23=0B80h-0BEFh -ASFR24=0C00h-0C6Fh \
  -ASFR25=0C80h-0CEFh -ASFR26=0D00h-0D6Fh -ASFR27=0D80h-0DEFh \
  -ASFR28=0E00h-0E6Fh -ASFR29=0E80h-0EEFh -ASFR30=0F00h-0F6Fh \
  -ASFR31=0F80h-0FEFh -ACONFIG=08007h-08008h -DCONFIG=2 \
  -AIDLOC=08000h-08003h -DIDLOC=2 -DCODE=2 -DSTRCODE=2 -DSTRING=2 -DCONST=2 \
  -DENTRY=2 -preset_vec=00h,intentry=04h,init,end_init -ppowerup=CODE \
  -pcinit=CODE -pfunctab=ENTRY -k D:\Temp\s1bs.o \
  dist/default/production\hid_custom1455int.X.production.o 

Object code version is 3.11

Machine type is 16F1455



                Name                               Link     Load   Length Selector   Space Scale
D:\Temp\s1bs.o  end_init                             19       19        2        8       0
                reset_vec                             0        0        2        0       0
                config                             8007     8007        2        0       4
dist/default/production\hid_custom1455int.X.production.o
                cinit                                1B       1B       21        8       0
                intentry                              4        4       15        8       0
                config                             8007     8007        2        0       4
                text38                              EF5      EF5       84     1DEA       0
                text37                              DF4      DF4       7E     1BE8       0
                text36                              CFD      CFD       7A     19FA       0
                text35                              42C      42C       AB        8       0
                text34                              AB3      AB3       3A     1566       0
                text33                              AED      AED       43     15DA       0
                text32                              A2F      A2F       25     145E       0
                text31                              F79      F79       87     1EF2       0
                text30                              9B0      9B0       1E     1360       0
                text29                              621      621       9F        8       0
                text28                              A81      A81       32     1502       0
                text27                               3C       3C      154        8       0
                text26                              E72      E72       83     1CE4       0
                text25                              C32      C32       63     1864       0
                text24                              2B0      2B0       CA        8       0
                text23                              748      748       87        8       0
                text22                              D77      D77       7D     1AEE       0
                text21                              BD8      BD8       5A     17B0       0
                text20                              580      580       A1        8       0
                text19                              B30      B30       52     1660       0
                text18                              7CF      7CF       2E        8       0
                text17                              B82      B82       56     1704       0
                text16                              994      994       1C     1328       0
                text15                              A54      A54       2D     14A8       0
                text14                              9ED      9ED       20     13DA       0
                text13                              A0D      A0D       22     141A       0
                text12                              4D7      4D7       A9        8       0
                text11                              190      190      120        8       0
                text9                               6C0      6C0       88        8       0
                text8                               979      979       1B     12F2       0
                text7                               C95      C95       68     192A       0
                text6                               946      946        F     128C       0
                text5                               965      965       14     12CA       0
                text4                               9CE      9CE       1F     139C       0
                text3                               37A      37A       B2        8       0
                text2                               931      931        4     1262       0
                text1                               955      955       10     12AA       0
                maintext                            93B      93B        B     1276       0
                cstackBANK0                          50       50       15       50       1
                cstackCOMMON                         70       70        E       70       1
                cstackBANK1                          E0       E0        C       E0       1
                clrtext                             935      935        6     126A       0
                bssBANK3                            1A0      1A0       18      1A0       1
                bssBANK2                            160      160       10      160       1
                bssBANK1                             EC       EC        4       E0       1
                bssBANK0                             65       65        B       50       1
                stringtext8                        10C0     10C0        4     2000       0
                stringtext7                        10A8     10A8       12     2000       0
                stringtext6                        108B     108B       1D     2000       0
                stringtext5                        1062     1062       29     2000       0
                stringtext4                        1034     1034       2E     2000       0
                stringtext3                        1000     1000       34     2000       0
                stringtext2                        10C4     10C4        2     2000       0
                stringtext1                        10BA     10BA        6     2000       0

TOTAL           Name                               Link     Load   Length     Space
        CLASS   STACK          

        CLASS   CODE           
                end_init                             19       19        2         0
                cinit                                1B       1B       21         0
                intentry                              4        4       15         0
                reset_vec                             0        0        2         0
                text38                              EF5      EF5       84         0
                text37                              DF4      DF4       7E         0
                text36                              CFD      CFD       7A         0
                text35                              42C      42C       AB         0
                text34                              AB3      AB3       3A         0
                text33                              AED      AED       43         0
                text32                              A2F      A2F       25         0
                text31                              F79      F79       87         0
                text30                              9B0      9B0       1E         0
                text29                              621      621       9F         0
                text28                              A81      A81       32         0
                text27                               3C       3C      154         0
                text26                              E72      E72       83         0
                text25                              C32      C32       63         0
                text24                              2B0      2B0       CA         0
                text23                              748      748       87         0
                text22                              D77      D77       7D         0
                text21                              BD8      BD8       5A         0
                text20                              580      580       A1         0
                text19                              B30      B30       52         0
                text18                              7CF      7CF       2E         0
                text17                              B82      B82       56         0
                text16                              994      994       1C         0
                text15                              A54      A54       2D         0
                text14                              9ED      9ED       20         0
                text13                              A0D      A0D       22         0
                text12                              4D7      4D7       A9         0
                text11                              190      190      120         0
                text9                               6C0      6C0       88         0
                text8                               979      979       1B         0
                text7                               C95      C95       68         0
                text6                               946      946        F         0
                text5                               965      965       14         0
                text4                               9CE      9CE       1F         0
                text3                               37A      37A       B2         0
                text2                               931      931        4         0
                text1                               955      955       10         0
                maintext                            93B      93B        B         0
                clrtext                             935      935        6         0

        CLASS   STRCODE        
                stringtext8                        10C0     10C0        4         0
                stringtext7                        10A8     10A8       12         0
                stringtext6                        108B     108B       1D         0
                stringtext5                        1062     1062       29         0
                stringtext4                        1034     1034       2E         0
                stringtext3                        1000     1000       34         0
                stringtext2                        10C4     10C4        2         0
                stringtext1                        10BA     10BA        6         0

        CLASS   STRING         

        CLASS   CONST          

        CLASS   ENTRY          

        CLASS   COMMON         
                cstackCOMMON                         70       70        E         1

        CLASS   BANK0          
                cstackBANK0                          50       50       15         1
                bssBANK0                             65       65        B         1

        CLASS   BANK1          
                cstackBANK1                          E0       E0        C         1
                bssBANK1                             EC       EC        4         1

        CLASS   BANK2          
                bssBANK2                            160      160       10         1

        CLASS   BANK3          
                bssBANK3                            1A0      1A0       18         1

        CLASS   BANK4          

        CLASS   BANK5          

        CLASS   BANK6          

        CLASS   BANK7          

        CLASS   BANK8          

        CLASS   BANK9          

        CLASS   BANK10         

        CLASS   BANK11         

        CLASS   BANK12         

        CLASS   BIGRAM         

        CLASS   RAM            

        CLASS   ABS1           
                abs_s1                               20       20       30         1
                abs_s1                               7E       7E        2         1
                abs_s1                               A0       A0       40         1
                abs_s1                              120      120       40         1

        CLASS   SFR0           

        CLASS   SFR1           

        CLASS   SFR2           

        CLASS   SFR3           

        CLASS   SFR4           

        CLASS   SFR5           

        CLASS   SFR6           

        CLASS   SFR7           

        CLASS   SFR8           

        CLASS   SFR9           

        CLASS   SFR10          

        CLASS   SFR11          

        CLASS   SFR12          

        CLASS   SFR13          

        CLASS   SFR14          

        CLASS   SFR15          

        CLASS   SFR16          

        CLASS   SFR17          

        CLASS   SFR18          

        CLASS   SFR19          

        CLASS   SFR20          

        CLASS   SFR21          

        CLASS   SFR22          

        CLASS   SFR23          

        CLASS   SFR24          

        CLASS   SFR25          

        CLASS   SFR26          

        CLASS   SFR27          

        CLASS   SFR28          

        CLASS   SFR29          

        CLASS   SFR30          

        CLASS   SFR31          

        CLASS   CONFIG         
                config                             8007     8007        2         4

        CLASS   IDLOC          

        CLASS   BANK31         

        CLASS   BANK30         

        CLASS   BANK29         

        CLASS   BANK28         

        CLASS   BANK27         

        CLASS   BANK26         

        CLASS   BANK25         

        CLASS   BANK24         

        CLASS   BANK23         

        CLASS   BANK22         

        CLASS   BANK21         

        CLASS   BANK20         

        CLASS   BANK19         

        CLASS   BANK18         

        CLASS   BANK17         

        CLASS   BANK16         

        CLASS   BANK15         

        CLASS   BANK14         

        CLASS   BANK13         

        CLASS   EEDATA         



SEGMENTS        Name                           Load    Length   Top    Selector   Space  Class     Delta

                reset_vec                      000000  000002  000002         0       0  CODE        2
                intentry                       000004  0007F9  0007FD         8       0  CODE        2
                cstackBANK0                    000050  000020  000070        50       1  BANK0       1
                cstackCOMMON                   000070  00000E  00007E        70       1  COMMON      1
                cstackBANK1                    0000E0  000010  0000F0        E0       1  BANK1       1
                bssBANK2                       000160  000010  000170       160       1  BANK2       1
                bssBANK3                       0001A0  000018  0001B8       1A0       1  BANK3       1
                text2                          000931  000004  000935      1262       0  CODE        2
                clrtext                        000935  000006  00093B      126A       0  CODE        2
                maintext                       00093B  00000B  000946      1276       0  CODE        2
                text6                          000946  00000F  000955      128C       0  CODE        2
                text1                          000955  000010  000965      12AA       0  CODE        2
                text5                          000965  000014  000979      12CA       0  CODE        2
                text8                          000979  00001B  000994      12F2       0  CODE        2
                text16                         000994  00001C  0009B0      1328       0  CODE        2
                text30                         0009B0  00001E  0009CE      1360       0  CODE        2
                text4                          0009CE  00001F  0009ED      139C       0  CODE        2
                text14                         0009ED  000020  000A0D      13DA       0  CODE        2
                text13                         000A0D  000022  000A2F      141A       0  CODE        2
                text32                         000A2F  000025  000A54      145E       0  CODE        2
                text15                         000A54  00002D  000A81      14A8       0  CODE        2
                text28                         000A81  000032  000AB3      1502       0  CODE        2
                text34                         000AB3  00003A  000AED      1566       0  CODE        2
                text33                         000AED  000043  000B30      15DA       0  CODE        2
                text19                         000B30  000052  000B82      1660       0  CODE        2
                text17                         000B82  000056  000BD8      1704       0  CODE        2
                text21                         000BD8  00005A  000C32      17B0       0  CODE        2
                text25                         000C32  000063  000C95      1864       0  CODE        2
                text7                          000C95  000068  000CFD      192A       0  CODE        2
                text36                         000CFD  00007A  000D77      19FA       0  CODE        2
                text22                         000D77  00007D  000DF4      1AEE       0  CODE        2
                text37                         000DF4  00007E  000E72      1BE8       0  CODE        2
                text26                         000E72  000083  000EF5      1CE4       0  CODE        2
                text38                         000EF5  000084  000F79      1DEA       0  CODE        2
                text31                         000F79  000087  001000      1EF2       0  CODE        2
                stringtext3                    001000  0000C6  0010C6      2000       0  STRCODE     2


UNUSED ADDRESS RANGES

        Name                Unused          Largest block    Delta
        BANK10           00520-0056F              50           1
        BANK11           005A0-005EF              50           1
        BANK12           00620-0064F              30           1
        BANK3            001B8-001EF              38           1
        BANK4            00220-0026F              50           1
        BANK5            002A0-002EF              50           1
        BANK6            00320-0036F              50           1
        BANK7            003A0-003EF              50           1
        BANK8            00420-0046F              50           1
        BANK9            004A0-004EF              50           1
        BIGRAM           02000-023EF             3F0           1
        CODE             00002-00003               2           2
                         007FD-00930               3
                         010C6-01FFF             73A
        CONST            00002-00003               2           2
                         007FD-00930             100
                         010C6-01FFF             100
        ENTRY            00002-00003               2           2
                         007FD-00930             100
                         010C6-01FFF             100
        IDLOC            08000-08003               4           2
        RAM              001B8-001EF              38           1
                         00220-0026F              50
                         002A0-002EF              50
                         00320-0036F              50
                         003A0-003EF              50
                         00420-0046F              50
                         004A0-004EF              50
                         00520-0056F              50
                         005A0-005EF              50
                         00620-0064F              30
        SFR0             00000-0001F              20           1
        SFR1             00080-0009F              20           1
        SFR10            00500-0051F              20           1
        SFR11            00580-0059F              20           1
        SFR12            00600-0061F              20           1
        SFR13            00680-006EF              70           1
        SFR14            00700-0076F              70           1
        SFR15            00780-007EF              70           1
        SFR16            00800-0086F              70           1
        SFR17            00880-008EF              70           1
        SFR18            00900-0096F              70           1
        SFR19            00980-009EF              70           1
        SFR2             00100-0011F              20           1
        SFR20            00A00-00A6F              70           1
        SFR21            00A80-00AEF              70           1
        SFR22            00B00-00B6F              70           1
        SFR23            00B80-00BEF              70           1
        SFR24            00C00-00C6F              70           1
        SFR25            00C80-00CEF              70           1
        SFR26            00D00-00D6F              70           1
        SFR27            00D80-00DEF              70           1
        SFR28            00E00-00E6F              70           1
        SFR29            00E80-00EEF              70           1
        SFR3             00180-0019F              20           1
        SFR30            00F00-00F6F              70           1
        SFR31            00F80-00FEF              70           1
        SFR4             00200-0021F              20           1
        SFR5             00280-0029F              20           1
        SFR6             00300-0031F              20           1
        SFR7             00380-0039F              20           1
        SFR8             00400-0041F              20           1
        SFR9             00480-0049F              20           1
        STACK            02108-023EF             2E8           1
        STRCODE          00002-00003               2           2
                         007FD-00930             134
                         010C6-01FFF             F3A
        STRING           00002-00003               2           2
                         007FD-00930             100
                         010C6-01FFF             100

                                  Symbol Table

?_USBTransferOnePacket                    cstackBANK1  000E0
?i1_USBTransferOnePacket                  cstackCOMMON 00070
USBConfigureEndpoint@EPNum                cstackCOMMON 00075
USBConfigureEndpoint@direction            cstackCOMMON 00070
USBConfigureEndpoint@handle               cstackCOMMON 00076
USBCtrlTrfInHandler@lastDTS               cstackCOMMON 00075
USBCtrlTrfRxService@byteToRead            cstackCOMMON 00075
USBCtrlTrfRxService@i                     cstackCOMMON 00074
USBCtrlTrfTxService@byteToSend            cstackCOMMON 00072
USBDeviceInit@i                           cstackBANK1  000E4
USBDeviceInit@i_714                       cstackBANK1  000E3
USBDeviceInit@p                           cstackBANK1  000E1
USBDeviceTasks@i                          cstackBANK0  00064
USBEnableEndpoint@ep                      cstackCOMMON 0007C
USBEnableEndpoint@options                 cstackCOMMON 00077
USBEnableEndpoint@p                       cstackCOMMON 0007A
USBStdFeatureReqHandler@current_ep_data   cstackBANK0  0005A
USBStdFeatureReqHandler@p                 cstackBANK0  0005B
USBStdFeatureReqHandler@pUEP              cstackBANK0  00058
USBStdGetStatusHandler@p                  cstackCOMMON 00072
USBStdSetCfgHandler@i                     cstackBANK0  0005A
USBStdSetCfgHandler@i_1451                cstackBANK0  00059
USBStdSetCfgHandler@p                     cstackBANK0  00057
USBTransferOnePacket@data                 cstackBANK1  000E1
USBTransferOnePacket@dir                  cstackBANK1  000E0
USBTransferOnePacket@ep                   cstackBANK1  000E8
USBTransferOnePacket@handle               cstackBANK1  000E9
USBTransferOnePacket@len                  cstackBANK1  000E3
USER_USB_CALLBACK_EVENT_HANDLER@event     cstackBANK0  00050
USER_USB_CALLBACK_EVENT_HANDLER@pdata     cstackBANK0  00052
USER_USB_CALLBACK_EVENT_HANDLER@size      cstackBANK0  00054
_ACTCON                                   (abs)        0039B
_ANSELA                                   (abs)        0018C
_ANSELC                                   (abs)        0018E
_APFCON                                   (abs)        0011D
_APP_DeviceCustomHIDInitialize            text30       009B0
_APP_DeviceCustomHIDTasks                 text7        00C95
_BDT                                      (abs)        00020
_BORCON                                   (abs)        00116
_BothEP0OutUOWNsSet                       bssBANK3     001B2
_CtrlTrfData                              (abs)        00048
_INTCONbits                               (abs)        0000B
_INTERRUPT_InterruptManager               intentry     00004
_LATA                                     (abs)        0010C
_LATC                                     (abs)        0010E
_OPTION_REGbits                           (abs)        00095
_OSCCON                                   (abs)        00099
_OSCILLATOR_Initialize                    text6        00946
_OSCTUNE                                  (abs)        00098
_PIE2bits                                 (abs)        00092
_PIN_MANAGER_Initialize                   text5        00965
_PIR2bits                                 (abs)        00012
_PLLRDY                                   (abs)        004D6
_ReceivedDataBuffer                       (abs)        000A0
_RemoteWakeup                             bssBANK3     001B4
_SYSTEM_Initialize                        text1        00955
_SetupPkt                                 (abs)        00040
_TRISA                                    (abs)        0008C
_TRISC                                    (abs)        0008E
_ToSendDataBuffer                         (abs)        00120
_UADDR                                    (abs)        00E96
_UCFG                                     (abs)        00E91
_UCON                                     (abs)        00E8E
_UCONbits                                 (abs)        00E8E
_UEIE                                     (abs)        00E97
_UEIR                                     (abs)        00E93
_UEP0                                     (abs)        00E98
_UEP0bits                                 (abs)        00E98
_UEP1                                     (abs)        00E99
_UIE                                      (abs)        00E92
_UIEbits                                  (abs)        00E92
_UIR                                      (abs)        00E90
_UIRbits                                  (abs)        00E90
_USB1msTickCount                          bssBANK3     001A0
_USBActiveConfiguration                   bssBANK2     0016F
_USBAlternateInterface                    bssBANK2     0016E
_USBBusIsSuspended                        bssBANK3     001B3
_USBCheckHIDRequest                       text29       00621
_USBCheckStdRequest                       text22       00D77
_USBConfigureEndpoint                     text33       00AED
_USBCtrlEPAllowDataStage                  text21       00BD8
_USBCtrlEPAllowStatusStage                text36       00CFD
_USBCtrlEPService                         text17       00B82
_USBCtrlEPServiceComplete                 text20       00580
_USBCtrlTrfInHandler                      text37       00DF4
_USBCtrlTrfOutHandler                     text34       00AB3
_USBCtrlTrfRxService                      text35       0042C
_USBCtrlTrfSetupHandler                   text19       00B30
_USBCtrlTrfTxService                      text38       00EF5
_USBDeferINDataStagePackets               bssBANK3     001AE
_USBDeferOUTDataStagePackets              bssBANK3     001AD
_USBDeferStatusStagePacket                bssBANK2     0016B
_USBDeviceAttach                          text4        009CE
_USBDeviceInit                            text3        0037A
_USBDeviceState                           bssBANK0     0006E
_USBDeviceTasks                           text11       00190
_USBEnableEndpoint                        text32       00A2F
_USBInHandle                              bssBANK3     001A8
_USBIncrement1msInternalTimers            text16       00994
_USBOutHandle                             bssBANK3     001AA
_USBStallHandler                          text15       00A54
_USBStatusStageEnabledFlag1               bssBANK3     001B0
_USBStatusStageEnabledFlag2               bssBANK3     001AF
_USBStatusStageTimeoutCounter             bssBANK3     001B1
_USBStdFeatureReqHandler                  text27       0003C
_USBStdGetDscHandler                      text26       00E72
_USBStdGetStatusHandler                   text25       00C32
_USBStdSetCfgHandler                      text23       00748
_USBSuspend                               text14       009ED
_USBTicksSinceSuspendEnd                  bssBANK3     001AC
_USBTransferOnePacket                     text9        006C0
_USBWakeFromSuspend                       text13       00A0D
_USB_CD_Ptr                               stringtext2  010C4
_USB_SD_Ptr                               stringtext1  010BA
_USER_USB_CALLBACK_EVENT_HANDLER          text28       00A81
_USTAT                                    (abs)        00E8F
_USTATcopy                                bssBANK0     0006F
_WDTCON                                   (abs)        00097
_WDT_Initialize                           text2        00931
_WPUA                                     (abs)        0020C
__Habs1                                   abs1         00000
__Hbank0                                  bank0        00000
__Hbank1                                  bank1        00000
__Hbank10                                 bank10       00000
__Hbank11                                 bank11       00000
__Hbank12                                 bank12       00000
__Hbank13                                 bank13       00000
__Hbank14                                 bank14       00000
__Hbank15                                 bank15       00000
__Hbank16                                 bank16       00000
__Hbank17                                 bank17       00000
__Hbank18                                 bank18       00000
__Hbank19                                 bank19       00000
__Hbank2                                  bank2        00000
__Hbank20                                 bank20       00000
__Hbank21                                 bank21       00000
__Hbank22                                 bank22       00000
__Hbank23                                 bank23       00000
__Hbank24                                 bank24       00000
__Hbank25                                 bank25       00000
__Hbank26                                 bank26       00000
__Hbank27                                 bank27       00000
__Hbank28                                 bank28       00000
__Hbank29                                 bank29       00000
__Hbank3                                  bank3        00000
__Hbank30                                 bank30       00000
__Hbank31                                 bank31       00000
__Hbank4                                  bank4        00000
__Hbank5                                  bank5        00000
__Hbank6                                  bank6        00000
__Hbank7                                  bank7        00000
__Hbank8                                  bank8        00000
__Hbank9                                  bank9        00000
__Hbigram                                 bigram       00000
__HbssBANK0                               bssBANK0     00000
__HbssBANK1                               bssBANK1     00000
__HbssBANK2                               bssBANK2     00000
__HbssBANK3                               bssBANK3     00000
__Hcinit                                  cinit        0003C
__Hclrtext                                clrtext      00000
__Hcode                                   code         00000
__Hcommon                                 common       00000
__Hconfig                                 config       08009
__HcstackBANK0                            cstackBANK0  00000
__HcstackBANK1                            cstackBANK1  00000
__HcstackCOMMON                           cstackCOMMON 00000
__Heeprom_data                            eeprom_data  00000
__Hend_init                               end_init     0001B
__Hfunctab                                functab      00000
__Hinit                                   init         00019
__Hintentry                               intentry     00019
__Hmaintext                               maintext     00000
__Hpowerup                                powerup      00000
__Hram                                    ram          00000
__Hreset_vec                              reset_vec    00002
__Hsfr0                                   sfr0         00000
__Hsfr1                                   sfr1         00000
__Hsfr10                                  sfr10        00000
__Hsfr11                                  sfr11        00000
__Hsfr12                                  sfr12        00000
__Hsfr13                                  sfr13        00000
__Hsfr14                                  sfr14        00000
__Hsfr15                                  sfr15        00000
__Hsfr16                                  sfr16        00000
__Hsfr17                                  sfr17        00000
__Hsfr18                                  sfr18        00000
__Hsfr19                                  sfr19        00000
__Hsfr2                                   sfr2         00000
__Hsfr20                                  sfr20        00000
__Hsfr21                                  sfr21        00000
__Hsfr22                                  sfr22        00000
__Hsfr23                                  sfr23        00000
__Hsfr24                                  sfr24        00000
__Hsfr25                                  sfr25        00000
__Hsfr26                                  sfr26        00000
__Hsfr27                                  sfr27        00000
__Hsfr28                                  sfr28        00000
__Hsfr29                                  sfr29        00000
__Hsfr3                                   sfr3         00000
__Hsfr30                                  sfr30        00000
__Hsfr31                                  sfr31        00000
__Hsfr4                                   sfr4         00000
__Hsfr5                                   sfr5         00000
__Hsfr6                                   sfr6         00000
__Hsfr7                                   sfr7         00000
__Hsfr8                                   sfr8         00000
__Hsfr9                                   sfr9         00000
__Hspace_0                                (abs)        010C6
__Hspace_1                                (abs)        001B8
__Hspace_2                                (abs)        00000
__Hspace_3                                (abs)        00000
__Hspace_4                                (abs)        10010
__Hstack                                  stack        00000
__Hstrings                                strings      00000
__Hstringtext1                            stringtext1  00000
__Hstringtext2                            stringtext2  00000
__Hstringtext3                            stringtext3  00000
__Hstringtext4                            stringtext4  00000
__Hstringtext5                            stringtext5  00000
__Hstringtext6                            stringtext6  00000
__Hstringtext7                            stringtext7  00000
__Hstringtext8                            stringtext8  00000
__Htext                                   text         00000
__Labs1                                   abs1         00000
__Lbank0                                  bank0        00000
__Lbank1                                  bank1        00000
__Lbank10                                 bank10       00000
__Lbank11                                 bank11       00000
__Lbank12                                 bank12       00000
__Lbank13                                 bank13       00000
__Lbank14                                 bank14       00000
__Lbank15                                 bank15       00000
__Lbank16                                 bank16       00000
__Lbank17                                 bank17       00000
__Lbank18                                 bank18       00000
__Lbank19                                 bank19       00000
__Lbank2                                  bank2        00000
__Lbank20                                 bank20       00000
__Lbank21                                 bank21       00000
__Lbank22                                 bank22       00000
__Lbank23                                 bank23       00000
__Lbank24                                 bank24       00000
__Lbank25                                 bank25       00000
__Lbank26                                 bank26       00000
__Lbank27                                 bank27       00000
__Lbank28                                 bank28       00000
__Lbank29                                 bank29       00000
__Lbank3                                  bank3        00000
__Lbank30                                 bank30       00000
__Lbank31                                 bank31       00000
__Lbank4                                  bank4        00000
__Lbank5                                  bank5        00000
__Lbank6                                  bank6        00000
__Lbank7                                  bank7        00000
__Lbank8                                  bank8        00000
__Lbank9                                  bank9        00000
__Lbigram                                 bigram       00000
__LbssBANK0                               bssBANK0     00000
__LbssBANK1                               bssBANK1     00000
__LbssBANK2                               bssBANK2     00000
__LbssBANK3                               bssBANK3     00000
__Lcinit                                  cinit        0001B
__Lclrtext                                clrtext      00000
__Lcode                                   code         00000
__Lcommon                                 common       00000
__Lconfig                                 config       00000
__LcstackBANK0                            cstackBANK0  00000
__LcstackBANK1                            cstackBANK1  00000
__LcstackCOMMON                           cstackCOMMON 00000
__Leeprom_data                            eeprom_data  00000
__Lend_init                               end_init     00019
__Lfunctab                                functab      00000
__Linit                                   init         00019
__Lintentry                               intentry     00004
__Lmaintext                               maintext     00000
__Lpowerup                                powerup      00000
__Lram                                    ram          00000
__Lreset_vec                              reset_vec    00000
__Lsfr0                                   sfr0         00000
__Lsfr1                                   sfr1         00000
__Lsfr10                                  sfr10        00000
__Lsfr11                                  sfr11        00000
__Lsfr12                                  sfr12        00000
__Lsfr13                                  sfr13        00000
__Lsfr14                                  sfr14        00000
__Lsfr15                                  sfr15        00000
__Lsfr16                                  sfr16        00000
__Lsfr17                                  sfr17        00000
__Lsfr18                                  sfr18        00000
__Lsfr19                                  sfr19        00000
__Lsfr2                                   sfr2         00000
__Lsfr20                                  sfr20        00000
__Lsfr21                                  sfr21        00000
__Lsfr22                                  sfr22        00000
__Lsfr23                                  sfr23        00000
__Lsfr24                                  sfr24        00000
__Lsfr25                                  sfr25        00000
__Lsfr26                                  sfr26        00000
__Lsfr27                                  sfr27        00000
__Lsfr28                                  sfr28        00000
__Lsfr29                                  sfr29        00000
__Lsfr3                                   sfr3         00000
__Lsfr30                                  sfr30        00000
__Lsfr31                                  sfr31        00000
__Lsfr4                                   sfr4         00000
__Lsfr5                                   sfr5         00000
__Lsfr6                                   sfr6         00000
__Lsfr7                                   sfr7         00000
__Lsfr8                                   sfr8         00000
__Lsfr9                                   sfr9         00000
__Lspace_0                                (abs)        00000
__Lspace_1                                (abs)        00000
__Lspace_2                                (abs)        00000
__Lspace_3                                (abs)        00000
__Lspace_4                                (abs)        00000
__Lstack                                  stack        00000
__Lstrings                                strings      00000
__Lstringtext1                            stringtext1  00000
__Lstringtext2                            stringtext2  00000
__Lstringtext3                            stringtext3  00000
__Lstringtext4                            stringtext4  00000
__Lstringtext5                            stringtext5  00000
__Lstringtext6                            stringtext6  00000
__Lstringtext7                            stringtext7  00000
__Lstringtext8                            stringtext8  00000
__Ltext                                   text         00000
__S0                                      (abs)        010C6
__S1                                      (abs)        001B8
__S2                                      (abs)        00000
___int_sp                                 stack        00000
___latbits                                (abs)        00002
___sp                                     stack        00000
___stackhi                                (abs)        023EF
___stacklo                                (abs)        02108
__end_of_APP_DeviceCustomHIDInitialize    text30       009CE
__end_of_APP_DeviceCustomHIDTasks         text7        00CFD
__end_of_INTERRUPT_InterruptManager       intentry     00019
__end_of_OSCILLATOR_Initialize            text6        00955
__end_of_PIN_MANAGER_Initialize           text5        00979
__end_of_SYSTEM_Initialize                text1        00965
__end_of_USBCheckHIDRequest               text29       006C0
__end_of_USBCheckStdRequest               text22       00DF4
__end_of_USBConfigureEndpoint             text33       00B30
__end_of_USBCtrlEPAllowDataStage          text21       00C32
__end_of_USBCtrlEPAllowStatusStage        text36       00D77
__end_of_USBCtrlEPService                 text17       00BD8
__end_of_USBCtrlEPServiceComplete         text20       00621
__end_of_USBCtrlTrfInHandler              text37       00E72
__end_of_USBCtrlTrfOutHandler             text34       00AED
__end_of_USBCtrlTrfRxService              text35       004D7
__end_of_USBCtrlTrfSetupHandler           text19       00B82
__end_of_USBCtrlTrfTxService              text38       00F79
__end_of_USBDeviceAttach                  text4        009ED
__end_of_USBDeviceInit                    text3        0042C
__end_of_USBDeviceTasks                   text11       002B0
__end_of_USBEnableEndpoint                text32       00A54
__end_of_USBIncrement1msInternalTimers    text16       009B0
__end_of_USBStallHandler                  text15       00A81
__end_of_USBStdFeatureReqHandler          text27       00190
__end_of_USBStdGetDscHandler              text26       00EF5
__end_of_USBStdGetStatusHandler           text25       00C95
__end_of_USBStdSetCfgHandler              text23       007CF
__end_of_USBSuspend                       text14       00A0D
__end_of_USBTransferOnePacket             text9        00748
__end_of_USBWakeFromSuspend               text13       00A2F
__end_of_USB_CD_Ptr                       stringtext2  010C6
__end_of_USB_SD_Ptr                       stringtext1  010C0
__end_of_USER_USB_CALLBACK_EVENT_HANDLER  text28       00AB3
__end_of_WDT_Initialize                   text2        00935
__end_of__initialization                  cinit        00038
__end_of_configDescriptor1                stringtext5  0108B
__end_of_device_dsc                       stringtext7  010BA
__end_of_hid_rpt01                        stringtext6  010A8
__end_of_main                             maintext     00946
__end_of_memcpy                           text18       007FD
__end_of_memset                           text24       0037A
__end_of_sd000                            stringtext8  010C4
__end_of_sd001                            stringtext3  01034
__end_of_sd002                            stringtext4  01062
__end_of_strcpy                           text8        00994
__end_ofi1_USBDeviceInit                  text12       00580
__end_ofi1_USBTransferOnePacket           text31       01000
__initialization                          cinit        0001B
__pbssBANK0                               bssBANK0     00065
__pbssBANK1                               bssBANK1     000EC
__pbssBANK2                               bssBANK2     00160
__pbssBANK3                               bssBANK3     001A0
__pcstackBANK0                            cstackBANK0  00050
__pcstackBANK1                            cstackBANK1  000E0
__pcstackCOMMON                           cstackCOMMON 00070
__pintentry                               intentry     00004
__pmaintext                               maintext     0093B
__pstringtext1                            stringtext1  010BA
__pstringtext2                            stringtext2  010C4
__pstringtext3                            stringtext3  01000
__pstringtext4                            stringtext4  01034
__pstringtext5                            stringtext5  01062
__pstringtext6                            stringtext6  0108B
__pstringtext7                            stringtext7  010A8
__pstringtext8                            stringtext8  010C0
__ptext1                                  text1        00955
__ptext11                                 text11       00190
__ptext12                                 text12       004D7
__ptext13                                 text13       00A0D
__ptext14                                 text14       009ED
__ptext15                                 text15       00A54
__ptext16                                 text16       00994
__ptext17                                 text17       00B82
__ptext18                                 text18       007CF
__ptext19                                 text19       00B30
__ptext2                                  text2        00931
__ptext20                                 text20       00580
__ptext21                                 text21       00BD8
__ptext22                                 text22       00D77
__ptext23                                 text23       00748
__ptext24                                 text24       002B0
__ptext25                                 text25       00C32
__ptext26                                 text26       00E72
__ptext27                                 text27       0003C
__ptext28                                 text28       00A81
__ptext29                                 text29       00621
__ptext3                                  text3        0037A
__ptext30                                 text30       009B0
__ptext31                                 text31       00F79
__ptext32                                 text32       00A2F
__ptext33                                 text33       00AED
__ptext34                                 text34       00AB3
__ptext35                                 text35       0042C
__ptext36                                 text36       00CFD
__ptext37                                 text37       00DF4
__ptext38                                 text38       00EF5
__ptext4                                  text4        009CE
__ptext5                                  text5        00965
__ptext6                                  text6        00946
__ptext7                                  text7        00C95
__ptext8                                  text8        00979
__ptext9                                  text9        006C0
__size_of_APP_DeviceCustomHIDInitialize   (abs)        00000
__size_of_APP_DeviceCustomHIDTasks        (abs)        00000
__size_of_INTERRUPT_InterruptManager      (abs)        00000
__size_of_OSCILLATOR_Initialize           (abs)        00000
__size_of_PIN_MANAGER_Initialize          (abs)        00000
__size_of_SYSTEM_Initialize               (abs)        00000
__size_of_USBCheckHIDRequest              (abs)        00000
__size_of_USBCheckStdRequest              (abs)        00000
__size_of_USBConfigureEndpoint            (abs)        00000
__size_of_USBCtrlEPAllowDataStage         (abs)        00000
__size_of_USBCtrlEPAllowStatusStage       (abs)        00000
__size_of_USBCtrlEPService                (abs)        00000
__size_of_USBCtrlEPServiceComplete        (abs)        00000
__size_of_USBCtrlTrfInHandler             (abs)        00000
__size_of_USBCtrlTrfOutHandler            (abs)        00000
__size_of_USBCtrlTrfRxService             (abs)        00000
__size_of_USBCtrlTrfSetupHandler          (abs)        00000
__size_of_USBCtrlTrfTxService             (abs)        00000
__size_of_USBDeviceAttach                 (abs)        00000
__size_of_USBDeviceInit                   (abs)        00000
__size_of_USBDeviceTasks                  (abs)        00000
__size_of_USBEnableEndpoint               (abs)        00000
__size_of_USBIncrement1msInternalTimers   (abs)        00000
__size_of_USBStallHandler                 (abs)        00000
__size_of_USBStdFeatureReqHandler         (abs)        00000
__size_of_USBStdGetDscHandler             (abs)        00000
__size_of_USBStdGetStatusHandler          (abs)        00000
__size_of_USBStdSetCfgHandler             (abs)        00000
__size_of_USBSuspend                      (abs)        00000
__size_of_USBTransferOnePacket            (abs)        00000
__size_of_USBWakeFromSuspend              (abs)        00000
__size_of_USER_USB_CALLBACK_EVENT_HANDLER (abs)        00000
__size_of_WDT_Initialize                  (abs)        00000
__size_of_main                            (abs)        00000
__size_of_memcpy                          (abs)        00000
__size_of_memset                          (abs)        00000
__size_of_strcpy                          (abs)        00000
__size_ofi1_USBDeviceInit                 (abs)        00000
__size_ofi1_USBTransferOnePacket          (abs)        00000
_active_protocol                          bssBANK3     001B6
_configDescriptor1                        stringtext5  01062
_controlTransferState                     bssBANK0     0006C
_device_dsc                               stringtext7  010A8
_endpoint_number                          bssBANK2     0016C
_ep_data_in                               bssBANK2     00169
_ep_data_out                              bssBANK2     00167
_hid_rpt01                                stringtext6  0108B
_idle_rate                                bssBANK3     001B7
_inPipes                                  bssBANK0     00065
_main                                     maintext     0093B
_memcpy                                   text18       007CF
_memset                                   text24       002B0
_outPipes                                 bssBANK2     00160
_pBDTEntryEP0OutCurrent                   bssBANK0     0006D
_pBDTEntryEP0OutNext                      bssBANK0     0006A
_pBDTEntryIn                              bssBANK1     000EC
_pBDTEntryOut                             bssBANK3     001A4
_pDst                                     bssBANK3     001B5
_sd000                                    stringtext8  010C0
_sd001                                    stringtext3  01000
_sd002                                    stringtext4  01034
_shortPacketStatus                        bssBANK2     0016D
_strcpy                                   text8        00979
btemp                                     (abs)        0007E
clear_ram0                                clrtext      00935
end_of_initialization                     cinit        00038
i1USBDeviceInit@i                         cstackCOMMON 00074
i1USBDeviceInit@i_714                     cstackCOMMON 00073
i1USBDeviceInit@p                         cstackCOMMON 00071
i1USBTransferOnePacket@data               cstackCOMMON 00071
i1USBTransferOnePacket@dir                cstackCOMMON 00070
i1USBTransferOnePacket@ep                 cstackCOMMON 00078
i1USBTransferOnePacket@handle             cstackCOMMON 00079
i1USBTransferOnePacket@len                cstackCOMMON 00073
i1_USBDeviceInit                          text12       004D7
i1_USBTransferOnePacket                   text31       00F79
int$flags                                 (abs)        0007E
intlevel0                                 functab      00000
intlevel1                                 functab      00000
intlevel2                                 functab      00000
intlevel3                                 functab      00000
intlevel4                                 functab      00000
intlevel5                                 functab      00000
memcpy@d                                  cstackCOMMON 00079
memcpy@d1                                 cstackCOMMON 00078
memcpy@n                                  cstackCOMMON 00072
memcpy@s                                  cstackCOMMON 00075
memcpy@s1                                 cstackCOMMON 00070
memcpy@tmp                                cstackCOMMON 00077
memset@c                                  cstackCOMMON 00072
memset@dest                               cstackCOMMON 00070
memset@k                                  cstackCOMMON 0007A
memset@n                                  cstackCOMMON 00074
memset@s                                  cstackCOMMON 0007C
reset_vec                                 reset_vec    00000
start                                     init         00019
start_initialization                      cinit        0001B
strcpy@d                                  cstackBANK1  000E3
strcpy@dest                               cstackBANK1  000E4
strcpy@s                                  cstackBANK1  000E2
strcpy@src                                cstackBANK1  000E0
wtemp0                                    (abs)        0007E


FUNCTION INFORMATION:

 *************** function _main *****************
 Defined at:
		line 54 in file "main.c"
 Parameters:    Size  Location     Type
		None
 Auto vars:     Size  Location     Type
		None
 Return value:  Size  Location     Type
                  1    wreg      void 
 Registers used:
		wreg, fsr0l, fsr0h, fsr1l, fsr1h, status,2, status,0, pclath, cstack
 Tracked objects:
		On entry : 
		On exit  : 
		Unchanged: 
 Data sizes:     COMMON   BANK0   BANK1   BANK2   BANK3   BANK4   BANK5   BANK6   BANK7   BANK8   BANK9  BANK10  BANK11  BANK12
      Params:         0       0       0       0       0       0       0       0       0       0       0       0       0       0
      Locals:         0       0       0       0       0       0       0       0       0       0       0       0       0       0
      Temps:          0       0       0       0       0       0       0       0       0       0       0       0       0       0
      Totals:         0       0       0       0       0       0       0       0       0       0       0       0       0       0
Total ram usage:        0 bytes
 Hardware stack levels required when called:   12
 This function calls:
		_APP_DeviceCustomHIDTasks
		_SYSTEM_Initialize
 This function is called by:
		Startup code after reset
 This function uses a non-reentrant model


 *************** function _SYSTEM_Initialize *****************
 Defined at:
		line 50 in file "mcc_generated_files/mcc.c"
 Parameters:    Size  Location     Type
		None
 Auto vars:     Size  Location     Type
		None
 Return value:  Size  Location     Type
                  1    wreg      void 
 Registers used:
		wreg, fsr1l, fsr1h, status,2, status,0, pclath, cstack
 Tracked objects:
		On entry : 
		On exit  : 
		Unchanged: 
 Data sizes:     COMMON   BANK0   BANK1   BANK2   BANK3   BANK4   BANK5   BANK6   BANK7   BANK8   BANK9  BANK10  BANK11  BANK12
      Params:         0       0       0       0       0       0       0       0       0       0       0       0       0       0
      Locals:         0       0       0       0       0       0       0       0       0       0       0       0       0       0
      Temps:          0       0       0       0       0       0       0       0       0       0       0       0       0       0
      Totals:         0       0       0       0       0       0       0       0       0       0       0       0       0       0
Total ram usage:        0 bytes
 Hardware stack levels used:    1
 Hardware stack levels required when called:   11
 This function calls:
		_OSCILLATOR_Initialize
		_PIN_MANAGER_Initialize
		_USBDeviceAttach
		_USBDeviceInit
		_WDT_Initialize
 This function is called by:
		_main
 This function uses a non-reentrant model


 *************** function _WDT_Initialize *****************
 Defined at:
		line 76 in file "mcc_generated_files/mcc.c"
 Parameters:    Size  Location     Type
		None
 Auto vars:     Size  Location     Type
		None
 Return value:  Size  Location     Type
                  1    wreg      void 
 Registers used:
		wreg
 Tracked objects:
		On entry : 
		On exit  : 
		Unchanged: 
 Data sizes:     COMMON   BANK0   BANK1   BANK2   BANK3   BANK4   BANK5   BANK6   BANK7   BANK8   BANK9  BANK10  BANK11  BANK12
      Params:         0       0       0       0       0       0       0       0       0       0       0       0       0       0
      Locals:         0       0       0       0       0       0       0       0       0       0       0       0       0       0
      Temps:          0       0       0       0       0       0       0       0       0       0       0       0       0       0
      Totals:         0       0       0       0       0       0       0       0       0       0       0       0       0       0
Total ram usage:        0 bytes
 Hardware stack levels used:    1
 Hardware stack levels required when called:   10
 This function calls:
		Nothing
 This function is called by:
		_SYSTEM_Initialize
 This function uses a non-reentrant model


 *************** function _USBDeviceInit *****************
 Defined at:
		line 281 in file "mcc_generated_files/usb/usb_device.c"
 Parameters:    Size  Location     Type
		None
 Auto vars:     Size  Location     Type
  p               2    1[BANK1 ] PTR unsigned char 
		 -> UEP1(1), 
  i               1    3[BANK1 ] unsigned char 
  i               1    4[BANK1 ] unsigned char 
 Return value:  Size  Location     Type
                  1    wreg      void 
 Registers used:
		wreg, fsr1l, fsr1h, status,2, status,0
 Tracked objects:
		On entry : 
		On exit  : 
		Unchanged: 
 Data sizes:     COMMON   BANK0   BANK1   BANK2   BANK3   BANK4   BANK5   BANK6   BANK7   BANK8   BANK9  BANK10  BANK11  BANK12
      Params:         0       0       0       0       0       0       0       0       0       0       0       0       0       0
      Locals:         0       0       4       0       0       0       0       0       0       0       0       0       0       0
      Temps:          0       0       1       0       0       0       0       0       0       0       0       0       0       0
      Totals:         0       0       5       0       0       0       0       0       0       0       0       0       0       0
Total ram usage:        5 bytes
 Hardware stack levels used:    1
 Hardware stack levels required when called:   10
 This function calls:
		Nothing
 This function is called by:
		_SYSTEM_Initialize
 This function uses a non-reentrant model


 *************** function _USBDeviceAttach *****************
 Defined at:
		line 1356 in file "mcc_generated_files/usb/usb_device.c"
 Parameters:    Size  Location     Type
		None
 Auto vars:     Size  Location     Type
		None
 Return value:  Size  Location     Type
                  1    wreg      void 
 Registers used:
		wreg, status,2, status,0
 Tracked objects:
		On entry : 
		On exit  : 
		Unchanged: 
 Data sizes:     COMMON   BANK0   BANK1   BANK2   BANK3   BANK4   BANK5   BANK6   BANK7   BANK8   BANK9  BANK10  BANK11  BANK12
      Params:         0       0       0       0       0       0       0       0       0       0       0       0       0       0
      Locals:         0       0       0       0       0       0       0       0       0       0       0       0       0       0
      Temps:          0       0       1       0       0       0       0       0       0       0       0       0       0       0
      Totals:         0       0       1       0       0       0       0       0       0       0       0       0       0       0
Total ram usage:        1 bytes
 Hardware stack levels used:    1
 Hardware stack levels required when called:   10
 This function calls:
		Nothing
 This function is called by:
		_SYSTEM_Initialize
 This function uses a non-reentrant model


 *************** function _PIN_MANAGER_Initialize *****************
 Defined at:
		line 55 in file "mcc_generated_files/pin_manager.c"
 Parameters:    Size  Location     Type
		None
 Auto vars:     Size  Location     Type
		None
 Return value:  Size  Location     Type
                  1    wreg      void 
 Registers used:
		wreg, status,2
 Tracked objects:
		On entry : 
		On exit  : 
		Unchanged: 
 Data sizes:     COMMON   BANK0   BANK1   BANK2   BANK3   BANK4   BANK5   BANK6   BANK7   BANK8   BANK9  BANK10  BANK11  BANK12
      Params:         0       0       0       0       0       0       0       0       0       0       0       0       0       0
      Locals:         0       0       0       0       0       0       0       0       0       0       0       0       0       0
      Temps:          0       0       0       0       0       0       0       0       0       0       0       0       0       0
      Totals:         0       0       0       0       0       0       0       0       0       0       0       0       0       0
Total ram usage:        0 bytes
 Hardware stack levels used:    1
 Hardware stack levels required when called:   10
 This function calls:
		Nothing
 This function is called by:
		_SYSTEM_Initialize
 This function uses a non-reentrant model


 *************** function _OSCILLATOR_Initialize *****************
 Defined at:
		line 60 in file "mcc_generated_files/mcc.c"
 Parameters:    Size  Location     Type
		None
 Auto vars:     Size  Location     Type
		None
 Return value:  Size  Location     Type
                  1    wreg      void 
 Registers used:
		wreg, status,2
 Tracked objects:
		On entry : 
		On exit  : 
		Unchanged: 
 Data sizes:     COMMON   BANK0   BANK1   BANK2   BANK3   BANK4   BANK5   BANK6   BANK7   BANK8   BANK9  BANK10  BANK11  BANK12
      Params:         0       0       0       0       0       0       0       0       0       0       0       0       0       0
      Locals:         0       0       0       0       0       0       0       0       0       0       0       0       0       0
      Temps:          0       0       0       0       0       0       0       0       0       0       0       0       0       0
      Totals:         0       0       0       0       0       0       0       0       0       0       0       0       0       0
Total ram usage:        0 bytes
 Hardware stack levels used:    1
 Hardware stack levels required when called:   10
 This function calls:
		Nothing
 This function is called by:
		_SYSTEM_Initialize
 This function uses a non-reentrant model


 *************** function _APP_DeviceCustomHIDTasks *****************
 Defined at:
		line 101 in file "app_device_custom_hid.c"
 Parameters:    Size  Location     Type
		None
 Auto vars:     Size  Location     Type
		None
 Return value:  Size  Location     Type
                  1    wreg      void 
 Registers used:
		wreg, fsr0l, fsr0h, fsr1l, fsr1h, status,2, status,0, pclath, cstack
 Tracked objects:
		On entry : 
		On exit  : 
		Unchanged: 
 Data sizes:     COMMON   BANK0   BANK1   BANK2   BANK3   BANK4   BANK5   BANK6   BANK7   BANK8   BANK9  BANK10  BANK11  BANK12
      Params:         0       0       0       0       0       0       0       0       0       0       0       0       0       0
      Locals:         0       0       0       0       0       0       0       0       0       0       0       0       0       0
      Temps:          0       0       1       0       0       0       0       0       0       0       0       0       0       0
      Totals:         0       0       1       0       0       0       0       0       0       0       0       0       0       0
Total ram usage:        1 bytes
 Hardware stack levels used:    1
 Hardware stack levels required when called:   11
 This function calls:
		_USBTransferOnePacket
		_strcpy
 This function is called by:
		_main
 This function uses a non-reentrant model


 *************** function _strcpy *****************
 Defined at:
		line 3 in file "C:\Program Files\Microchip\xc8\v2.31\pic\sources\c99\common\strcpy.c"
 Parameters:    Size  Location     Type
  dest            1    wreg     PTR unsigned char 
		 -> ToSendDataBuffer(64), 
  src             1    0[BANK1 ] PTR const unsigned char 
		 -> ReceivedDataBuffer(64), 
 Auto vars:     Size  Location     Type
  dest            1    4[BANK1 ] PTR unsigned char 
		 -> ToSendDataBuffer(64), 
  d               1    3[BANK1 ] PTR unsigned char 
		 -> ToSendDataBuffer(64), 
  s               1    2[BANK1 ] PTR const unsigned char 
		 -> ReceivedDataBuffer(64), 
 Return value:  Size  Location     Type
                  1    wreg      PTR unsigned char 
 Registers used:
		wreg, fsr0l, fsr0h, fsr1l, fsr1h, status,2, status,0
 Tracked objects:
		On entry : 
		On exit  : 
		Unchanged: 
 Data sizes:     COMMON   BANK0   BANK1   BANK2   BANK3   BANK4   BANK5   BANK6   BANK7   BANK8   BANK9  BANK10  BANK11  BANK12
      Params:         0       0       1       0       0       0       0       0       0       0       0       0       0       0
      Locals:         0       0       3       0       0       0       0       0       0       0       0       0       0       0
      Temps:          0       0       1       0       0       0       0       0       0       0       0       0       0       0
      Totals:         0       0       5       0       0       0       0       0       0       0       0       0       0       0
Total ram usage:        5 bytes
 Hardware stack levels used:    1
 Hardware stack levels required when called:   10
 This function calls:
		Nothing
 This function is called by:
		_APP_DeviceCustomHIDTasks
 This function uses a non-reentrant model


 *************** function _USBTransferOnePacket *****************
 Defined at:
		line 999 in file "mcc_generated_files/usb/usb_device.c"
 Parameters:    Size  Location     Type
  ep              1    wreg     unsigned char 
  dir             1    0[BANK1 ] unsigned char 
  data            2    1[BANK1 ] PTR unsigned char 
		 -> ToSendDataBuffer(64), ReceivedDataBuffer(64), 
  len             1    3[BANK1 ] unsigned char 
 Auto vars:     Size  Location     Type
  ep              1    8[BANK1 ] unsigned char 
  handle          2    9[BANK1 ] PTR volatile struct __BD
		 -> RAM(4096), NULL(0), BDT(32), 
 Return value:  Size  Location     Type
                  2    0[BANK1 ] PTR void 
 Registers used:
		wreg, fsr1l, fsr1h, status,2, status,0
 Tracked objects:
		On entry : 
		On exit  : 
		Unchanged: 
 Data sizes:     COMMON   BANK0   BANK1   BANK2   BANK3   BANK4   BANK5   BANK6   BANK7   BANK8   BANK9  BANK10  BANK11  BANK12
      Params:         0       0       4       0       0       0       0       0       0       0       0       0       0       0
      Locals:         0       0       3       0       0       0       0       0       0       0       0       0       0       0
      Temps:          0       0       4       0       0       0       0       0       0       0       0       0       0       0
      Totals:         0       0      11       0       0       0       0       0       0       0       0       0       0       0
Total ram usage:       11 bytes
 Hardware stack levels used:    1
 Hardware stack levels required when called:   10
 This function calls:
		Nothing
 This function is called by:
		_APP_DeviceCustomHIDTasks
 This function uses a non-reentrant model


 *************** function _INTERRUPT_InterruptManager *****************
 Defined at:
		line 52 in file "mcc_generated_files/interrupt_manager.c"
 Parameters:    Size  Location     Type
		None
 Auto vars:     Size  Location     Type
		None
 Return value:  Size  Location     Type
                  1    wreg      void 
 Registers used:
		wreg, fsr0l, fsr0h, fsr1l, fsr1h, status,2, status,0, pclath, cstack
 Tracked objects:
		On entry : 
		On exit  : 
		Unchanged: 
 Data sizes:     COMMON   BANK0   BANK1   BANK2   BANK3   BANK4   BANK5   BANK6   BANK7   BANK8   BANK9  BANK10  BANK11  BANK12
      Params:         0       0       0       0       0       0       0       0       0       0       0       0       0       0
      Locals:         0       0       0       0       0       0       0       0       0       0       0       0       0       0
      Temps:          0       0       0       0       0       0       0       0       0       0       0       0       0       0
      Totals:         0       0       0       0       0       0       0       0       0       0       0       0       0       0
Total ram usage:        0 bytes
 Hardware stack levels used:    1
 Hardware stack levels required when called:    9
 This function calls:
		_USBDeviceTasks
 This function is called by:
		Interrupt level 1
 This function uses a non-reentrant model


 *************** function _USBDeviceTasks *****************
 Defined at:
		line 481 in file "mcc_generated_files/usb/usb_device.c"
 Parameters:    Size  Location     Type
		None
 Auto vars:     Size  Location     Type
  i               1   20[BANK0 ] unsigned char 
 Return value:  Size  Location     Type
                  1    wreg      void 
 Registers used:
		wreg, fsr0l, fsr0h, fsr1l, fsr1h, status,2, status,0, pclath, cstack
 Tracked objects:
		On entry : 
		On exit  : 
		Unchanged: 
 Data sizes:     COMMON   BANK0   BANK1   BANK2   BANK3   BANK4   BANK5   BANK6   BANK7   BANK8   BANK9  BANK10  BANK11  BANK12
      Params:         0       0       0       0       0       0       0       0       0       0       0       0       0       0
      Locals:         0       1       0       0       0       0       0       0       0       0       0       0       0       0
      Temps:          0       2       0       0       0       0       0       0       0       0       0       0       0       0
      Totals:         0       3       0       0       0       0       0       0       0       0       0       0       0       0
Total ram usage:        3 bytes
 Hardware stack levels used:    1
 Hardware stack levels required when called:    8
 This function calls:
		_USBCtrlEPAllowStatusStage
		_USBCtrlEPService
		_USBIncrement1msInternalTimers
		_USBStallHandler
		_USBSuspend
		_USBWakeFromSuspend
		_USER_USB_CALLBACK_EVENT_HANDLER
		i1_USBDeviceInit
 This function is called by:
		_INTERRUPT_InterruptManager
 This function uses a non-reentrant model


 *************** function i1_USBDeviceInit *****************
 Defined at:
		line 281 in file "mcc_generated_files/usb/usb_device.c"
 Parameters:    Size  Location     Type
		None
 Auto vars:     Size  Location     Type
  p               2    1[COMMON] PTR unsigned char 
		 -> UEP1(1), 
  i               1    4[COMMON] unsigned char 
  i               1    3[COMMON] unsigned char 
 Return value:  Size  Location     Type
                  1    wreg      void 
 Registers used:
		wreg, fsr1l, fsr1h, status,2, status,0
 Tracked objects:
		On entry : 
		On exit  : 
		Unchanged: 
 Data sizes:     COMMON   BANK0   BANK1   BANK2   BANK3   BANK4   BANK5   BANK6   BANK7   BANK8   BANK9  BANK10  BANK11  BANK12
      Params:         0       0       0       0       0       0       0       0       0       0       0       0       0       0
      Locals:         4       0       0       0       0       0       0       0       0       0       0       0       0       0
      Temps:          1       0       0       0       0       0       0       0       0       0       0       0       0       0
      Totals:         5       0       0       0       0       0       0       0       0       0       0       0       0       0
Total ram usage:        5 bytes
 Hardware stack levels used:    1
 This function calls:
		Nothing
 This function is called by:
		_USBDeviceTasks
 This function uses a non-reentrant model


 *************** function _USBWakeFromSuspend *****************
 Defined at:
		line 2307 in file "mcc_generated_files/usb/usb_device.c"
 Parameters:    Size  Location     Type
		None
 Auto vars:     Size  Location     Type
		None
 Return value:  Size  Location     Type
                  1    wreg      void 
 Registers used:
		wreg, fsr0l, fsr0h, fsr1l, fsr1h, status,2, status,0, pclath, cstack
 Tracked objects:
		On entry : 
		On exit  : 
		Unchanged: 
 Data sizes:     COMMON   BANK0   BANK1   BANK2   BANK3   BANK4   BANK5   BANK6   BANK7   BANK8   BANK9  BANK10  BANK11  BANK12
      Params:         0       0       0       0       0       0       0       0       0       0       0       0       0       0
      Locals:         0       0       0       0       0       0       0       0       0       0       0       0       0       0
      Temps:          0       1       0       0       0       0       0       0       0       0       0       0       0       0
      Totals:         0       1       0       0       0       0       0       0       0       0       0       0       0       0
Total ram usage:        1 bytes
 Hardware stack levels used:    1
 Hardware stack levels required when called:    4
 This function calls:
		_USER_USB_CALLBACK_EVENT_HANDLER
 This function is called by:
		_USBDeviceTasks
 This function uses a non-reentrant model


 *************** function _USBSuspend *****************
 Defined at:
		line 2249 in file "mcc_generated_files/usb/usb_device.c"
 Parameters:    Size  Location     Type
		None
 Auto vars:     Size  Location     Type
		None
 Return value:  Size  Location     Type
                  1    wreg      void 
 Registers used:
		wreg, fsr0l, fsr0h, fsr1l, fsr1h, status,2, status,0, pclath, cstack
 Tracked objects:
		On entry : 
		On exit  : 
		Unchanged: 
 Data sizes:     COMMON   BANK0   BANK1   BANK2   BANK3   BANK4   BANK5   BANK6   BANK7   BANK8   BANK9  BANK10  BANK11  BANK12
      Params:         0       0       0       0       0       0       0       0       0       0       0       0       0       0
      Locals:         0       0       0       0       0       0       0       0       0       0       0       0       0       0
      Temps:          0       1       0       0       0       0       0       0       0       0       0       0       0       0
      Totals:         0       1       0       0       0       0       0       0       0       0       0       0       0       0
Total ram usage:        1 bytes
 Hardware stack levels used:    1
 Hardware stack levels required when called:    4
 This function calls:
		_USER_USB_CALLBACK_EVENT_HANDLER
 This function is called by:
		_USBDeviceTasks
 This function uses a non-reentrant model


 *************** function _USBStallHandler *****************
 Defined at:
		line 2206 in file "mcc_generated_files/usb/usb_device.c"
 Parameters:    Size  Location     Type
		None
 Auto vars:     Size  Location     Type
		None
 Return value:  Size  Location     Type
                  1    wreg      void 
 Registers used:
		wreg, fsr1l, fsr1h, status,2, status,0
 Tracked objects:
		On entry : 
		On exit  : 
		Unchanged: 
 Data sizes:     COMMON   BANK0   BANK1   BANK2   BANK3   BANK4   BANK5   BANK6   BANK7   BANK8   BANK9  BANK10  BANK11  BANK12
      Params:         0       0       0       0       0       0       0       0       0       0       0       0       0       0
      Locals:         0       0       0       0       0       0       0       0       0       0       0       0       0       0
      Temps:          1       0       0       0       0       0       0       0       0       0       0       0       0       0
      Totals:         1       0       0       0       0       0       0       0       0       0       0       0       0       0
Total ram usage:        1 bytes
 Hardware stack levels used:    1
 This function calls:
		Nothing
 This function is called by:
		_USBDeviceTasks
 This function uses a non-reentrant model


 *************** function _USBIncrement1msInternalTimers *****************
 Defined at:
		line 3029 in file "mcc_generated_files/usb/usb_device.c"
 Parameters:    Size  Location     Type
		None
 Auto vars:     Size  Location     Type
		None
 Return value:  Size  Location     Type
                  1    wreg      void 
 Registers used:
		wreg, status,2, status,0
 Tracked objects:
		On entry : 
		On exit  : 
		Unchanged: 
 Data sizes:     COMMON   BANK0   BANK1   BANK2   BANK3   BANK4   BANK5   BANK6   BANK7   BANK8   BANK9  BANK10  BANK11  BANK12
[...]
Total ram usage:        7 bytes
 Hardware stack levels used:    1
 Hardware stack levels required when called:    4
 This function calls:
		_USER_USB_CALLBACK_EVENT_HANDLER
 This function is called by:
		_USBCheckStdRequest
 This function uses a non-reentrant model


 *************** function _USER_USB_CALLBACK_EVENT_HANDLER *****************
 Defined at:
		line 49 in file "mcc_generated_files/usb/usb_device_events.c"
 Parameters:    Size  Location     Type
  event           2    0[BANK0 ] enum E238
  pdata           2    2[BANK0 ] PTR void 
		 -> RAM(4096), USTATcopy(1), USBActiveConfiguration(1), NULL(0), 
		 -> BDT(32), 
  size            2    4[BANK0 ] unsigned short 
 Auto vars:     Size  Location     Type
		None
 Return value:  Size  Location     Type
                  1    wreg      _Bool 
 Registers used:
		wreg, fsr0l, fsr0h, fsr1l, fsr1h, status,2, status,0, pclath, cstack
 Tracked objects:
		On entry : 
		On exit  : 
		Unchanged: 
 Data sizes:     COMMON   BANK0   BANK1   BANK2   BANK3   BANK4   BANK5   BANK6   BANK7   BANK8   BANK9  BANK10  BANK11  BANK12
      Params:         0       6       0       0       0       0       0       0       0       0       0       0       0       0
      Locals:         0       0       0       0       0       0       0       0       0       0       0       0       0       0
      Temps:          0       0       0       0       0       0       0       0       0       0       0       0       0       0
      Totals:         0       6       0       0       0       0       0       0       0       0       0       0       0       0
Total ram usage:        6 bytes
 Hardware stack levels used:    1
 Hardware stack levels required when called:    3
 This function calls:
		_APP_DeviceCustomHIDInitialize
		_USBCheckHIDRequest
 This function is called by:
		_USBDeviceTasks
		_USBStdSetCfgHandler
		_USBSuspend
		_USBWakeFromSuspend
		_USBCtrlTrfSetupHandler
		_USBCheckStdRequest
		_USBStdFeatureReqHandler
 This function uses a non-reentrant model


 *************** function _USBCheckHIDRequest *****************
 Defined at:
		line 161 in file "mcc_generated_files/usb/usb_device_hid.c"
 Parameters:    Size  Location     Type
		None
 Auto vars:     Size  Location     Type
		None
 Return value:  Size  Location     Type
                  1    wreg      void 
 Registers used:
		wreg, fsr0l, fsr0h, status,2, status,0
 Tracked objects:
		On entry : 
		On exit  : 
		Unchanged: 
 Data sizes:     COMMON   BANK0   BANK1   BANK2   BANK3   BANK4   BANK5   BANK6   BANK7   BANK8   BANK9  BANK10  BANK11  BANK12
      Params:         0       0       0       0       0       0       0       0       0       0       0       0       0       0
      Locals:         0       0       0       0       0       0       0       0       0       0       0       0       0       0
      Temps:          2       0       0       0       0       0       0       0       0       0       0       0       0       0
      Totals:         2       0       0       0       0       0       0       0       0       0       0       0       0       0
Total ram usage:        2 bytes
 Hardware stack levels used:    1
 This function calls:
		Nothing
 This function is called by:
		_USER_USB_CALLBACK_EVENT_HANDLER
 This function uses a non-reentrant model


 *************** function _APP_DeviceCustomHIDInitialize *****************
 Defined at:
		line 74 in file "app_device_custom_hid.c"
 Parameters:    Size  Location     Type
		None
 Auto vars:     Size  Location     Type
		None
 Return value:  Size  Location     Type
                  1    wreg      void 
 Registers used:
		wreg, fsr1l, fsr1h, status,2, status,0, pclath, cstack
 Tracked objects:
		On entry : 
		On exit  : 
		Unchanged: 
 Data sizes:     COMMON   BANK0   BANK1   BANK2   BANK3   BANK4   BANK5   BANK6   BANK7   BANK8   BANK9  BANK10  BANK11  BANK12
      Params:         0       0       0       0       0       0       0       0       0       0       0       0       0       0
      Locals:         0       0       0       0       0       0       0       0       0       0       0       0       0       0
      Temps:          1       0       0       0       0       0       0       0       0       0       0       0       0       0
      Totals:         1       0       0       0       0       0       0       0       0       0       0       0       0       0
Total ram usage:        1 bytes
 Hardware stack levels used:    1
 Hardware stack levels required when called:    2
 This function calls:
		_USBEnableEndpoint
		i1_USBTransferOnePacket
 This function is called by:
		_USER_USB_CALLBACK_EVENT_HANDLER
 This function uses a non-reentrant model


 *************** function i1_USBTransferOnePacket *****************
 Defined at:
		line 999 in file "mcc_generated_files/usb/usb_device.c"
 Parameters:    Size  Location     Type
  ep              1    wreg     unsigned char 
  dir             1    0[COMMON] unsigned char 
  data            2    1[COMMON] PTR unsigned char 
		 -> ToSendDataBuffer(64), ReceivedDataBuffer(64), 
  len             1    3[COMMON] unsigned char 
 Auto vars:     Size  Location     Type
  ep              1    8[COMMON] unsigned char 
  handle          2    9[COMMON] PTR volatile struct __BD
		 -> RAM(4096), NULL(0), BDT(32), 
 Return value:  Size  Location     Type
                  2    0[COMMON] PTR void 
 Registers used:
		wreg, fsr1l, fsr1h, status,2, status,0
 Tracked objects:
		On entry : 
		On exit  : 
		Unchanged: 
 Data sizes:     COMMON   BANK0   BANK1   BANK2   BANK3   BANK4   BANK5   BANK6   BANK7   BANK8   BANK9  BANK10  BANK11  BANK12
      Params:         4       0       0       0       0       0       0       0       0       0       0       0       0       0
      Locals:         3       0       0       0       0       0       0       0       0       0       0       0       0       0
      Temps:          4       0       0       0       0       0       0       0       0       0       0       0       0       0
      Totals:        11       0       0       0       0       0       0       0       0       0       0       0       0       0
Total ram usage:       11 bytes
 Hardware stack levels used:    1
 This function calls:
		Nothing
 This function is called by:
		_APP_DeviceCustomHIDInitialize
 This function uses a non-reentrant model


 *************** function _USBEnableEndpoint *****************
 Defined at:
		line 882 in file "mcc_generated_files/usb/usb_device.c"
 Parameters:    Size  Location     Type
  ep              1    wreg     unsigned char 
  options         1    7[COMMON] unsigned char 
 Auto vars:     Size  Location     Type
  ep              1   12[COMMON] unsigned char 
  p               2   10[COMMON] PTR unsigned char 
		 -> UEP0(1), 
 Return value:  Size  Location     Type
                  1    wreg      void 
 Registers used:
		wreg, fsr1l, fsr1h, status,2, status,0, pclath, cstack
 Tracked objects:
		On entry : 
		On exit  : 
		Unchanged: 
 Data sizes:     COMMON   BANK0   BANK1   BANK2   BANK3   BANK4   BANK5   BANK6   BANK7   BANK8   BANK9  BANK10  BANK11  BANK12
      Params:         1       0       0       0       0       0       0       0       0       0       0       0       0       0
      Locals:         3       0       0       0       0       0       0       0       0       0       0       0       0       0
      Temps:          2       0       0       0       0       0       0       0       0       0       0       0       0       0
      Totals:         6       0       0       0       0       0       0       0       0       0       0       0       0       0
Total ram usage:        6 bytes
 Hardware stack levels used:    1
 Hardware stack levels required when called:    1
 This function calls:
		_USBConfigureEndpoint
 This function is called by:
		_APP_DeviceCustomHIDInitialize
 This function uses a non-reentrant model


 *************** function _USBConfigureEndpoint *****************
 Defined at:
		line 1547 in file "mcc_generated_files/usb/usb_device.c"
 Parameters:    Size  Location     Type
  EPNum           1    wreg     unsigned char 
  direction       1    0[COMMON] unsigned char 
 Auto vars:     Size  Location     Type
  EPNum           1    5[COMMON] unsigned char 
  handle          1    6[COMMON] PTR volatile struct __BD
		 -> BDT(32), 
 Return value:  Size  Location     Type
                  1    wreg      void 
 Registers used:
		wreg, fsr1l, fsr1h, status,2, status,0
 Tracked objects:
		On entry : 
		On exit  : 
		Unchanged: 
 Data sizes:     COMMON   BANK0   BANK1   BANK2   BANK3   BANK4   BANK5   BANK6   BANK7   BANK8   BANK9  BANK10  BANK11  BANK12
      Params:         1       0       0       0       0       0       0       0       0       0       0       0       0       0
      Locals:         2       0       0       0       0       0       0       0       0       0       0       0       0       0
      Temps:          4       0       0       0       0       0       0       0       0       0       0       0       0       0
      Totals:         7       0       0       0       0       0       0       0       0       0       0       0       0       0
Total ram usage:        7 bytes
 Hardware stack levels used:    1
 This function calls:
		Nothing
 This function is called by:
		_USBEnableEndpoint
 This function uses a non-reentrant model


 *************** function _USBCtrlTrfOutHandler *****************
 Defined at:
		line 2542 in file "mcc_generated_files/usb/usb_device.c"
 Parameters:    Size  Location     Type
		None
 Auto vars:     Size  Location     Type
		None
 Return value:  Size  Location     Type
                  1    wreg      void 
 Registers used:
		wreg, fsr1l, fsr1h, status,2, status,0, pclath, cstack
 Tracked objects:
		On entry : 
		On exit  : 
		Unchanged: 
 Data sizes:     COMMON   BANK0   BANK1   BANK2   BANK3   BANK4   BANK5   BANK6   BANK7   BANK8   BANK9  BANK10  BANK11  BANK12
      Params:         0       0       0       0       0       0       0       0       0       0       0       0       0       0
      Locals:         0       0       0       0       0       0       0       0       0       0       0       0       0       0
      Temps:          2       0       0       0       0       0       0       0       0       0       0       0       0       0
      Totals:         2       0       0       0       0       0       0       0       0       0       0       0       0       0
Total ram usage:        2 bytes
 Hardware stack levels used:    1
 Hardware stack levels required when called:    2
 This function calls:
		_USBCtrlTrfRxService
 This function is called by:
		_USBCtrlEPService
 This function uses a non-reentrant model


 *************** function _USBCtrlTrfRxService *****************
 Defined at:
		line 1856 in file "mcc_generated_files/usb/usb_device.c"
 Parameters:    Size  Location     Type
		None
 Auto vars:     Size  Location     Type
  byteToRead      1    5[COMMON] unsigned char 
  i               1    4[COMMON] unsigned char 
 Return value:  Size  Location     Type
                  1    wreg      void 
 Registers used:
		wreg, fsr1l, fsr1h, status,2, status,0, pclath, cstack
 Tracked objects:
		On entry : 
		On exit  : 
		Unchanged: 
 Data sizes:     COMMON   BANK0   BANK1   BANK2   BANK3   BANK4   BANK5   BANK6   BANK7   BANK8   BANK9  BANK10  BANK11  BANK12
      Params:         0       0       0       0       0       0       0       0       0       0       0       0       0       0
      Locals:         2       0       0       0       0       0       0       0       0       0       0       0       0       0
      Temps:          2       0       0       0       0       0       0       0       0       0       0       0       0       0
      Totals:         4       0       0       0       0       0       0       0       0       0       0       0       0       0
Total ram usage:        4 bytes
 Hardware stack levels used:    1
 Hardware stack levels required when called:    1
 This function calls:
		_USBCtrlEPAllowStatusStage
 This function is called by:
		_USBCtrlTrfOutHandler
 This function uses a non-reentrant model


 *************** function _USBCtrlEPAllowStatusStage *****************
 Defined at:
		line 1420 in file "mcc_generated_files/usb/usb_device.c"
 Parameters:    Size  Location     Type
		None
 Auto vars:     Size  Location     Type
		None
 Return value:  Size  Location     Type
                  1    wreg      void 
 Registers used:
		wreg, fsr1l, fsr1h, status,2, status,0
 Tracked objects:
		On entry : 
		On exit  : 
		Unchanged: 
 Data sizes:     COMMON   BANK0   BANK1   BANK2   BANK3   BANK4   BANK5   BANK6   BANK7   BANK8   BANK9  BANK10  BANK11  BANK12
      Params:         0       0       0       0       0       0       0       0       0       0       0       0       0       0
      Locals:         0       0       0       0       0       0       0       0       0       0       0       0       0       0
      Temps:          2       0       0       0       0       0       0       0       0       0       0       0       0       0
      Totals:         2       0       0       0       0       0       0       0       0       0       0       0       0       0
Total ram usage:        2 bytes
 Hardware stack levels used:    1
 This function calls:
		Nothing
 This function is called by:
		_USBDeviceTasks
		_USBCtrlEPServiceComplete
		_USBCtrlTrfRxService
 This function uses a non-reentrant model


 *************** function _USBCtrlTrfInHandler *****************
 Defined at:
		line 2596 in file "mcc_generated_files/usb/usb_device.c"
 Parameters:    Size  Location     Type
		None
 Auto vars:     Size  Location     Type
  lastDTS         1    5[COMMON] unsigned char 
 Return value:  Size  Location     Type
                  1    wreg      void 
 Registers used:
		wreg, fsr0l, fsr0h, fsr1l, fsr1h, status,2, status,0, pclath, cstack
 Tracked objects:
		On entry : 
		On exit  : 
		Unchanged: 
 Data sizes:     COMMON   BANK0   BANK1   BANK2   BANK3   BANK4   BANK5   BANK6   BANK7   BANK8   BANK9  BANK10  BANK11  BANK12
      Params:         0       0       0       0       0       0       0       0       0       0       0       0       0       0
      Locals:         1       0       0       0       0       0       0       0       0       0       0       0       0       0
      Temps:          2       0       0       0       0       0       0       0       0       0       0       0       0       0
      Totals:         3       0       0       0       0       0       0       0       0       0       0       0       0       0
Total ram usage:        3 bytes
 Hardware stack levels used:    1
 Hardware stack levels required when called:    1
 This function calls:
		_USBCtrlTrfTxService
 This function is called by:
		_USBCtrlEPService
 This function uses a non-reentrant model


 *************** function _USBCtrlTrfTxService *****************
 Defined at:
		line 1775 in file "mcc_generated_files/usb/usb_device.c"
 Parameters:    Size  Location     Type
		None
 Auto vars:     Size  Location     Type
  byteToSend      1    2[COMMON] unsigned char 
 Return value:  Size  Location     Type
                  1    wreg      void 
 Registers used:
		wreg, fsr0l, fsr0h, fsr1l, fsr1h, status,2, status,0, pclath
 Tracked objects:
		On entry : 
		On exit  : 
		Unchanged: 
 Data sizes:     COMMON   BANK0   BANK1   BANK2   BANK3   BANK4   BANK5   BANK6   BANK7   BANK8   BANK9  BANK10  BANK11  BANK12
      Params:         0       0       0       0       0       0       0       0       0       0       0       0       0       0
      Locals:         1       0       0       0       0       0       0       0       0       0       0       0       0       0
      Temps:          2       0       0       0       0       0       0       0       0       0       0       0       0       0
      Totals:         3       0       0       0       0       0       0       0       0       0       0       0       0       0
Total ram usage:        3 bytes
 Hardware stack levels used:    1
 This function calls:
		Nothing
 This function is called by:
		_USBCtrlEPAllowDataStage
		_USBCtrlTrfInHandler
 This function uses a non-reentrant model



MODULE INFORMATION

Module		Function		Class		Link	Load	Size
mcc_generated_files/interrupt_manager.c
		_INTERRUPT_InterruptManager		CODE           	0004	0000	21

mcc_generated_files/interrupt_manager.c estimated size: 21

mcc_generated_files/pin_manager.c
		_PIN_MANAGER_Initialize		CODE           	0965	0000	20

mcc_generated_files/pin_manager.c estimated size: 20

C:\Program Files\Microchip\xc8\v2.31\pic\sources\c99\common\strcpy.c
		_strcpy        		CODE           	0979	0000	27

C:\Program Files\Microchip\xc8\v2.31\pic\sources\c99\common\strcpy.c estimated size: 27

C:\Program Files\Microchip\xc8\v2.31\pic\sources\c99\common\memset.c
		_memset        		CODE           	02B0	0000	202

C:\Program Files\Microchip\xc8\v2.31\pic\sources\c99\common\memset.c estimated size: 202

app_device_custom_hid.c
		_APP_DeviceCustomHIDTasks		CODE           	0C95	0000	104
		_APP_DeviceCustomHIDInitialize		CODE           	09B0	0000	30

app_device_custom_hid.c estimated size: 134

shared
		_configDescriptor1		STRCODE        	1062	0000	41
		_USB_CD_Ptr    		STRCODE        	10C4	0000	2
		_sd001         		STRCODE        	1000	0000	52
		_sd002         		STRCODE        	1034	0000	46
		i1_USBDeviceInit		CODE           	04D7	0000	169
		__initialization		CODE           	001B	0000	29
		_device_dsc    		STRCODE        	10A8	0000	18
		_USB_SD_Ptr    		STRCODE        	10BA	0000	6
		_hid_rpt01     		STRCODE        	108B	0000	29
		_sd000         		STRCODE        	10C0	0000	4
		i1_USBTransferOnePacket		CODE           	0F79	0000	135

shared estimated size: 531

mcc_generated_files/usb/usb_device_events.c
		_USER_USB_CALLBACK_EVENT_HANDLER		CODE           	0A81	0000	50

mcc_generated_files/usb/usb_device_events.c estimated size: 50

mcc_generated_files/mcc.c
		_WDT_Initialize		CODE           	0931	0000	4
		_OSCILLATOR_Initialize		CODE           	0946	0000	15
		_SYSTEM_Initialize		CODE           	0955	0000	16

mcc_generated_files/mcc.c estimated size: 35

C:\Program Files\Microchip\xc8\v2.31\pic\sources\c99\common\memcpy.c
		_memcpy        		CODE           	07CF	0000	46

C:\Program Files\Microchip\xc8\v2.31\pic\sources\c99\common\memcpy.c estimated size: 46

mcc_generated_files/usb/usb_device_hid.c
		_USBCheckHIDRequest		CODE           	0621	0000	159

mcc_generated_files/usb/usb_device_hid.c estimated size: 159

main.c
		_main          		CODE           	093B	0000	11

main.c estimated size: 11

mcc_generated_files/usb/usb_device.c
		_USBCtrlTrfInHandler		CODE           	0DF4	0000	126
		_USBTransferOnePacket		CODE           	06C0	0000	136
		_USBDeviceAttach		CODE           	09CE	0000	31
		_USBStdGetDscHandler		CODE           	0E72	0000	131
		_USBCtrlEPAllowDataStage		CODE           	0BD8	0000	90
		_USBStdFeatureReqHandler		CODE           	003C	0000	340
		_USBCtrlEPAllowStatusStage		CODE           	0CFD	0000	122
		_USBCtrlTrfSetupHandler		CODE           	0B30	0000	82
		_USBCtrlTrfOutHandler		CODE           	0AB3	0000	58
		_USBCtrlEPServiceComplete		CODE           	0580	0000	161
		_USBSuspend    		CODE           	09ED	0000	32
		_USBStdSetCfgHandler		CODE           	0748	0000	135
		_USBStdGetStatusHandler		CODE           	0C32	0000	99
		_USBWakeFromSuspend		CODE           	0A0D	0000	34
		_USBCtrlTrfRxService		CODE           	042C	0000	171
		_USBCtrlTrfTxService		CODE           	0EF5	0000	132
		_USBEnableEndpoint		CODE           	0A2F	0000	37
		_USBConfigureEndpoint		CODE           	0AED	0000	67
		_USBDeviceInit 		CODE           	037A	0000	178
		_USBIncrement1msInternalTimers		CODE           	0994	0000	28
		_USBCtrlEPService		CODE           	0B82	0000	86
		_USBStallHandler		CODE           	0A54	0000	45
		_USBDeviceTasks		CODE           	0190	0000	288
		_USBCheckStdRequest		CODE           	0D77	0000	125

mcc_generated_files/usb/usb_device.c estimated size: 2734

